Map file for "i2c_read_accel_value_transfer_frdmkl46z.elf"

.interrupts     0000000000000000         0xc0
                0000000000000000                  __isr_vector
.ARM.attributes 0000000000000000        0x5bd
.comment        0000000000000000         0x3b
.debug_ranges   0000000000000000        0x668
.debug_loc      0000000000000000            0
.debug_abbrev   0000000000000000       0x22ac
.debug_line     0000000000000000       0x3bd5
.debug_info     0000000000000000       0xe98e
.debug_str      0000000000000000       0x4535
.debug_frame    0000000000000000        0xa38
.flash_config   0x00000000000400         0x10
.text           0x00000000000410       0x26c0
                0x00000000000410                  Reset_Handler
                0x00000000000468                  ADC0_IRQHandler
                0x00000000000468                  CMP0_IRQHandler
                0x00000000000468                  DAC0_IRQHandler
                0x00000000000468                  DMA0_DriverIRQHandler
                0x00000000000468                  DMA1_DriverIRQHandler
                0x00000000000468                  DMA2_DriverIRQHandler
                0x00000000000468                  DMA3_DriverIRQHandler
                0x00000000000468                  DefaultISR
                0x00000000000468                  FTFA_IRQHandler
                0x00000000000468                  I2C0_DriverIRQHandler
                0x00000000000468                  I2C1_DriverIRQHandler
                0x00000000000468                  I2S0_DriverIRQHandler
                0x00000000000468                  LCD_IRQHandler
                0x00000000000468                  LLWU_IRQHandler
                0x00000000000468                  LPTMR0_IRQHandler
                0x00000000000468                  LVD_LVW_IRQHandler
                0x00000000000468                  MCG_IRQHandler
                0x00000000000468                  PIT_IRQHandler
                0x00000000000468                  PORTA_IRQHandler
                0x00000000000468                  PORTC_PORTD_IRQHandler
                0x00000000000468                  RTC_IRQHandler
                0x00000000000468                  RTC_Seconds_IRQHandler
                0x00000000000468                  Reserved20_IRQHandler
                0x00000000000468                  SPI0_DriverIRQHandler
                0x00000000000468                  SPI1_DriverIRQHandler
                0x00000000000468                  TPM0_IRQHandler
                0x00000000000468                  TPM1_IRQHandler
                0x00000000000468                  TPM2_IRQHandler
                0x00000000000468                  TSI0_IRQHandler
                0x00000000000468                  USB0_IRQHandler
                0x0000000000046c                  NMI_Handler
                0x00000000000470                  HardFault_Handler
                0x00000000000474                  SVC_Handler
                0x00000000000478                  PendSV_Handler
                0x0000000000047c                  SysTick_Handler
                0x00000000000480                  DMA0_IRQHandler
                0x00000000000484                  DMA1_IRQHandler
                0x00000000000488                  DMA2_IRQHandler
                0x0000000000048c                  DMA3_IRQHandler
                0x00000000000490                  I2C0_IRQHandler
                0x00000000000494                  I2C1_IRQHandler
                0x00000000000498                  SPI0_IRQHandler
                0x0000000000049c                  SPI1_IRQHandler
                0x000000000004a0                  UART0_IRQHandler
                0x000000000004a4                  UART1_IRQHandler
                0x000000000004a8                  UART2_IRQHandler
                0x000000000004ac                  I2S0_IRQHandler
                0x000000000004f8                  strlen
                0x00000000000508                  __aeabi_uidiv
                0x00000000000508                  __udivsi3
                0x0000000000050c                  .udivsi3_skip_div0_test
                0x00000000000580                  __aeabi_uidivmod
                0x00000000000594                  __aeabi_idiv
                0x00000000000594                  __divsi3
                0x00000000000598                  .divsi3_skip_div0_test
                0x00000000000628                  __aeabi_idivmod
                0x0000000000063c                  __aeabi_idiv0
                0x0000000000063c                  __aeabi_ldiv0
                0x00000000000640                  __do_global_dtors_aux
                0x00000000000664                  frame_dummy
                0x00000000000698                  _callArray
                0x000000000006b0                  _start
                0x00000000000744                  UART_EnableTx
                0x00000000000784                  UART_EnableRx
                0x000000000007c4                  LPSCI_EnableTx
                0x00000000000804                  LPSCI_EnableRx
                0x00000000000844                  DbgConsole_Init
                0x00000000000934                  DbgConsole_Printf
                0x00000000000978                  DbgConsole_Putchar
                0x000000000009ac                  DbgConsole_PrintfPaddingCharacter
                0x000000000009f4                  DbgConsole_ConvertRadixNumToString
                0x00000000000b08                  DbgConsole_PrintfFormattedData
                0x00000000000e80                  SystemInit
                0x00000000000e98                  main
                0x00000000000f70                  CLOCK_SetEr32kClock
                0x00000000000fa0                  CLOCK_SetPllFllSelClock
                0x00000000000fd8                  OSC_SetExtRefClkConfig
                0x00000000001020                  OSC_SetCapLoad
                0x0000000000106c                  CLOCK_GetMcgExtClkFreq
                0x00000000001088                  CLOCK_GetFllExtRefClkFreq
                0x0000000000112c                  CLOCK_GetInternalRefClkSelectFreq
                0x0000000000116c                  CLOCK_GetFllRefClkFreq
                0x00000000001198                  CLOCK_GetPll0RefFreq
                0x000000000011a8                  CLOCK_GetOscRangeFromFreq
                0x000000000011f4                  CLOCK_GetOsc0ErClkFreq
                0x00000000001224                  CLOCK_GetEr32kClkFreq
                0x0000000000128c                  CLOCK_GetPllFllSelClkFreq
                0x000000000012d8                  CLOCK_GetCoreSysClkFreq
                0x00000000001304                  CLOCK_GetFreq
                0x000000000013e4                  CLOCK_SetSimConfig
                0x0000000000141c                  CLOCK_GetOutClkFreq
                0x0000000000147c                  CLOCK_GetFllFreq
                0x00000000001500                  CLOCK_GetInternalRefClkFreq
                0x00000000001528                  CLOCK_GetFixedFreqClkFreq
                0x00000000001558                  CLOCK_GetPll0Freq
                0x000000000015c0                  CLOCK_SetExternalRefClkConfig
                0x000000000015f8                  CLOCK_SetInternalRefClkConfig
                0x00000000001720                  CLOCK_EnablePll0
                0x000000000017ac                  CLOCK_InitOsc0
                0x00000000001844                  CLOCK_SetPbeMode
                0x000000000018e4                  CLOCK_BootToPeeMode
                0x00000000001948                  delay
                0x0000000000196c                  I2C_Init
                0x00000000001a8c                  I2C_Start
                0x00000000001b04                  I2C_Stop
                0x00000000001b40                  I2C_Restart
                0x00000000001b60                  I2C_Send_Byte
                0x00000000001bac                  I2C_Get_Byte
                0x00000000001bf0                  I2C_Get_Last_Byte
                0x00000000001c34                  CLOCK_EnableClock
                0x00000000001c6c                  LPSCI_GetInstance
                0x00000000001ca8                  LPSCI_Init
                0x00000000001f04                  LPSCI_GetDefaultConfig
                0x00000000001f3c                  LPSCI_GetStatusFlags
                0x00000000001f64                  LPSCI_ClearStatusFlags
                0x00000000001ffc                  LPSCI_WriteBlocking
                0x00000000002040                  LPSCI_ReadBlocking
                0x000000000020f8                  UART0_DriverIRQHandler
                0x0000000000211c                  CLOCK_EnableClock
                0x00000000002154                  UART_GetInstance
                0x000000000021a0                  UART_Init
                0x00000000002388                  UART_GetDefaultConfig
                0x000000000023c0                  UART_GetStatusFlags
                0x000000000023e8                  UART_WriteBlocking
                0x00000000002424                  UART_ReadBlocking
                0x000000000024b4                  UART1_DriverIRQHandler
                0x000000000024d8                  UART2_DriverIRQHandler
                0x000000000024fc                  CLOCK_SetLpsci0Clock
                0x00000000002534                  BOARD_InitDebugConsole
                0x00000000002564                  CLOCK_SetSimSafeDivs
                0x00000000002584                  CLOCK_SetXtal0Freq
                0x000000000025a0                  BOARD_BootClockRUN
                0x000000000025fc                  CLOCK_EnableClock
                0x00000000002634                  PORT_SetPinConfig
                0x00000000002664                  PORT_SetPinMux
                0x000000000026a4                  BOARD_InitPins
                0x00000000002700                  BOARD_I2C_ConfigurePins
                0x00000000002780                  atexit
                0x00000000002790                  __register_exitproc
                0x0000000000280c                  __call_exitprocs
                0x000000000028b4                  exit
                0x000000000028e0                  memset
                0x000000000028f0                  _kill
                0x00000000002914                  _exit
                0x000000000029e8                  fllFactorTable.5330
                0x000000000029f8                  s_i2cDividerTable
                0x00000000002a78                  s_uartBases
                0x00000000002a84                  s_uartClock
                0x00000000002a90                  g_defaultClockConfigRun
                0x00000000002ab0                  _global_impure_ptr
                0x00000000002ab8                  __EH_FRAME_BEGIN__
                0x00000000002ab8                  _init
                0x00000000002ac4                  _fini
.ARM.extab      0x00000000002ad0            0
.ARM            0x00000000002ad0            0
.ctors          0x00000000002ad0            0
.dtors          0x00000000002ad0            0
.preinit_array  0x00000000002ad0            0
                0x00000000002ad0                  __preinit_array_end
                0x00000000002ad0                  __preinit_array_start
.init_array     0x00000000002ad0          0x4
                0x00000000002ad0                  __frame_dummy_init_array_entry
                0x00000000002ad0                  __init_array_start
                0x00000000002ad4                  __init_array_end
.fini_array     0x00000000002ad4          0x4
                0x00000000002ad4                  __do_global_dtors_aux_fini_array_entry
                0x00000000002ad4                  __fini_array_start
                0x00000000002ad8                  __fini_array_end
.mtb            0x0000001fffe000            0
.interrupts_ram 0x0000001fffe000            0
.data           0x0000001fffe000         0x70
                0x0000001fffe000                  SystemCoreClock
                0x0000001fffe004                  s_slowIrcFreq
                0x0000001fffe008                  s_fastIrcFreq
                0x0000001fffe00c                  impure_data
                0x0000001fffe06c                  __JCR_END__
                0x0000001fffe06c                  __JCR_LIST__
.bss            0x0000001fffe070        0x990
                0x0000001fffe070                  completed.6486
                0x0000001fffe074                  object.6491
                0x0000001fffe08c                  s_debugConsole
                0x0000001fffe09c                  g_xtal0Freq
                0x0000001fffe0a0                  g_xtal32Freq
                0x0000001fffe0a4                  s_lpsciHandle
                0x0000001fffe0a8                  s_lpsciIsr
                0x0000001fffe0ac                  s_uartHandle
                0x0000001fffe0b8                  s_uartIsr
                0x0000001fffe0bc                  _global_atexit0
                0x0000001fffe148                  _global_atexit
m_usb_bdt       0x0000001fffe200            0
m_usb_global    0x0000001fffe200            0
.heap           0x0000001fffea00        0x400
.stack          0x0000001fffee00        0x400
ABS            
                0000000000000000                  M_VECTOR_RAM_SIZE
                0000000000000000                  __RAM_VECTOR_TABLE_SIZE_BYTES
                0000000000000000                  __VECTOR_RAM
                0000000000000000                  __VECTOR_TABLE
                0000000000000000                  __atexit.c
                0000000000000000                  __call_atexit.c
                0000000000000000                  _sbrk.c
                0000000000000000                  atexit.c
                0000000000000000                  board.c
                0000000000000000                  clock_config.c
                0000000000000000                  crt0.c
                0000000000000000                  crtstuff.c
                0000000000000000                  crtstuff.c
                0000000000000000                  errno.c
                0000000000000000                  exit.c
                0000000000000000                  fsl_clock.c
                0000000000000000                  fsl_common.c
                0000000000000000                  fsl_debug_console.c
                0000000000000000                  fsl_gpio.c
                0000000000000000                  fsl_i2c.c
                0000000000000000                  fsl_lpsci.c
                0000000000000000                  fsl_smc.c
                0000000000000000                  fsl_uart.c
                0000000000000000                  i2c_read_accel_value_transfer.c
                0000000000000000                  impure.c
                0000000000000000                  memset.c
                0000000000000000                  pin_mux.c
                0000000000000000                  syscalls.c
                0000000000000000                  system_MKL46Z4.c
                0x00000000000400                  HEAP_SIZE
                0x00000000000400                  STACK_SIZE
                0x00000000000800                  USB_RAM_GAP
                0x00000000002ad0                  __CTOR_END__
                0x00000000002ad0                  __CTOR_LIST__
                0x00000000002ad0                  __DTOR_END__
                0x00000000002ad0                  __DTOR_LIST__
                0x00000000002ad0                  __exidx_end
                0x00000000002ad0                  __exidx_start
                0x00000000002ad8                  __DATA_ROM
                0x00000000002ad8                  __etext
                0x00000000002b48                  __DATA_END
                0x00000000040000                  text_end
                0x0000001fffe000                  __DATA_RAM
                0x0000001fffe000                  __VECTOR_RAM__
                0x0000001fffe000                  __data_start__
                0x0000001fffe000                  __interrupts_ram_end__
                0x0000001fffe000                  __interrupts_ram_start__
                0x0000001fffe000                  _mtb_end
                0x0000001fffe000                  _mtb_start
                0x0000001fffe070                  __START_BSS
                0x0000001fffe070                  __bss_start__
                0x0000001fffe070                  __data_end__
                0x0000001fffe200                  USB_RAM_BDT_END
                0x0000001fffe200                  USB_RAM_START
                0x0000001fffea00                  __END_BSS
                0x0000001fffea00                  __HeapBase
                0x0000001fffea00                  __bss_end__
                0x0000001fffea00                  __end__
                0x0000001fffee00                  __HeapLimit
                0x0000001fffee00                  __heap_limit
                0x00000020005c00                  __StackLimit
                0x00000020006000                  __StackTop
                0x000000e000ed08                  VTOR
