Map file for "freertos_hello_frdmkl46z.elf"

.interrupts     0000000000000000         0xc0
                0000000000000000                  __isr_vector
.ARM.attributes 0000000000000000        0x7e2
.comment        0000000000000000         0x49
.debug_ranges   0000000000000000        0xc60
.debug_loc      0000000000000000            0
.debug_abbrev   0000000000000000       0x362f
.debug_line     0000000000000000       0x6e5f
.debug_info     0000000000000000      0x18333
.debug_str      0000000000000000       0x7c48
.debug_frame    0000000000000000       0x11f8
.flash_config   0x00000000000400         0x10
.text           0x00000000000410       0x4190
                0x00000000000410                  Reset_Handler
                0x00000000000470                  ADC0_IRQHandler
                0x00000000000470                  CMP0_IRQHandler
                0x00000000000470                  DAC0_IRQHandler
                0x00000000000470                  DMA0_DriverIRQHandler
                0x00000000000470                  DMA1_DriverIRQHandler
                0x00000000000470                  DMA2_DriverIRQHandler
                0x00000000000470                  DMA3_DriverIRQHandler
                0x00000000000470                  DefaultISR
                0x00000000000470                  FTFA_IRQHandler
                0x00000000000470                  I2C0_DriverIRQHandler
                0x00000000000470                  I2C1_DriverIRQHandler
                0x00000000000470                  I2S0_DriverIRQHandler
                0x00000000000470                  LCD_IRQHandler
                0x00000000000470                  LLWU_IRQHandler
                0x00000000000470                  LPTMR0_IRQHandler
                0x00000000000470                  LVD_LVW_IRQHandler
                0x00000000000470                  MCG_IRQHandler
                0x00000000000470                  PIT_IRQHandler
                0x00000000000470                  PORTA_IRQHandler
                0x00000000000470                  PORTC_PORTD_IRQHandler
                0x00000000000470                  RTC_IRQHandler
                0x00000000000470                  RTC_Seconds_IRQHandler
                0x00000000000470                  Reserved20_IRQHandler
                0x00000000000470                  SPI0_DriverIRQHandler
                0x00000000000470                  SPI1_DriverIRQHandler
                0x00000000000470                  TPM0_IRQHandler
                0x00000000000470                  TPM1_IRQHandler
                0x00000000000470                  TPM2_IRQHandler
                0x00000000000470                  TSI0_IRQHandler
                0x00000000000470                  USB0_IRQHandler
                0x00000000000474                  NMI_Handler
                0x00000000000478                  HardFault_Handler
                0x00000000000488                  DMA0_IRQHandler
                0x0000000000048c                  DMA1_IRQHandler
                0x00000000000490                  DMA2_IRQHandler
                0x00000000000494                  DMA3_IRQHandler
                0x00000000000498                  I2C0_IRQHandler
                0x0000000000049c                  I2C1_IRQHandler
                0x000000000004a0                  SPI0_IRQHandler
                0x000000000004a4                  SPI1_IRQHandler
                0x000000000004a8                  UART0_IRQHandler
                0x000000000004ac                  UART1_IRQHandler
                0x000000000004b0                  UART2_IRQHandler
                0x000000000004b4                  I2S0_IRQHandler
                0x00000000000500                  strlen
                0x00000000000510                  __aeabi_uidiv
                0x00000000000510                  __udivsi3
                0x00000000000514                  .udivsi3_skip_div0_test
                0x00000000000588                  __aeabi_uidivmod
                0x0000000000059c                  __aeabi_idiv
                0x0000000000059c                  __divsi3
                0x000000000005a0                  .divsi3_skip_div0_test
                0x00000000000630                  __aeabi_idivmod
                0x00000000000644                  __aeabi_idiv0
                0x00000000000644                  __aeabi_ldiv0
                0x00000000000648                  __do_global_dtors_aux
                0x0000000000066c                  frame_dummy
                0x00000000000688                  _callArray
                0x0000000000069c                  _start
                0x00000000000730                  UART_EnableTx
                0x00000000000770                  UART_EnableRx
                0x000000000007b0                  LPSCI_EnableTx
                0x000000000007f0                  LPSCI_EnableRx
                0x00000000000830                  DbgConsole_Init
                0x00000000000924                  DbgConsole_Printf
                0x00000000000968                  DbgConsole_Putchar
                0x0000000000099c                  DbgConsole_PrintfPaddingCharacter
                0x000000000009e4                  DbgConsole_ConvertRadixNumToString
                0x00000000000af8                  DbgConsole_PrintfFormattedData
                0x00000000000e38                  SystemInit
                0x00000000000e50                  GPIO_TogglePinsOutput
                0x00000000000e68                  main
                0x00000000000ed4                  hello_task
                0x00000000000ef4                  led_task
                0x00000000000f1c                  prvSetupTimerInterrupt
                0x00000000000f5c                  pxPortInitialiseStack
                0x00000000000fb0                  prvTaskExitError
                0x00000000000fc8                  SVC_Handler
                0x00000000000fe0                  vPortStartFirstTask
                0x00000000001010                  pxCurrentTCBConst2
                0x00000000001018                  xPortStartScheduler
                0x0000000000105c                  vPortYield
                0x0000000000107c                  vPortEnterCritical
                0x000000000010a0                  vPortExitCritical
                0x000000000010d0                  ulSetInterruptMaskFromISR
                0x000000000010dc                  vClearInterruptMaskFromISR
                0x000000000010f0                  PendSV_Handler
                0x00000000001130                  pxCurrentTCBConst
                0x00000000001138                  SysTick_Handler
                0x0000000000116c                  pvPortMalloc
                0x000000000012b8                  vPortFree
                0x00000000001348                  prvHeapInit
                0x00000000001408                  prvInsertBlockIntoFreeList
                0x000000000014b8                  vListInitialise
                0x000000000014f4                  vListInitialiseItem
                0x0000000000150a                  vListInsertEnd
                0x0000000000154e                  vListInsert
                0x000000000015ba                  uxListRemove
                0x0000000000160a                  xQueueGenericReset
                0x000000000016b2                  xQueueGenericCreate
                0x00000000001716                  prvInitialiseNewQueue
                0x00000000001764                  xQueueGenericSend
                0x000000000018ec                  xQueueGenericSendFromISR
                0x000000000019ce                  xQueueGenericReceive
                0x00000000001b96                  prvCopyDataToQueue
                0x00000000001c6c                  prvCopyDataFromQueue
                0x00000000001cb8                  prvUnlockQueue
                0x00000000001d74                  prvIsQueueEmpty
                0x00000000001da0                  prvIsQueueFull
                0x00000000001dd0                  vQueueAddToRegistry
                0x00000000001e20                  vQueueWaitForMessageRestricted
                0x00000000001e86                  xTaskCreate
                0x00000000001f18                  prvInitialiseNewTask
                0x00000000002048                  prvAddNewTaskToReadyList
                0x00000000002118                  vTaskDelay
                0x00000000002164                  vTaskStartScheduler
                0x000000000021dc                  vTaskSuspendAll
                0x000000000021f4                  xTaskResumeAll
                0x0000000000230c                  xTaskGetTickCount
                0x00000000002328                  xTaskIncrementTick
                0x00000000002474                  vTaskSwitchContext
                0x00000000002518                  vTaskPlaceOnEventList
                0x00000000002554                  vTaskPlaceOnEventListRestricted
                0x000000000025a0                  xTaskRemoveFromEventList
                0x00000000002658                  vTaskSetTimeOutState
                0x0000000000268c                  xTaskCheckForTimeOut
                0x00000000002728                  vTaskMissedYield
                0x0000000000273c                  prvIdleTask
                0x0000000000275c                  prvInitialiseTaskLists
                0x000000000027e4                  prvCheckTasksWaitingTermination
                0x00000000002858                  prvDeleteTCB
                0x0000000000287c                  prvResetNextTaskUnblockTime
                0x000000000028c4                  xTaskGetSchedulerState
                0x000000000028fc                  vTaskPriorityInherit
                0x000000000029b8                  xTaskPriorityDisinherit
                0x00000000002a70                  pvTaskIncrementMutexHeldCount
                0x00000000002a94                  prvAddCurrentTaskToDelayedList
                0x00000000002b3c                  xTimerCreateTimerTask
                0x00000000002b90                  xTimerGenericCommand
                0x00000000002c28                  prvProcessExpiredTimer
                0x00000000002c98                  prvTimerTask
                0x00000000002cc0                  prvProcessTimerOrBlockTask
                0x00000000002d4c                  prvGetNextExpireTime
                0x00000000002d8c                  prvSampleTimeNow
                0x00000000002dcc                  prvInsertTimerInActiveList
                0x00000000002e50                  prvProcessReceivedCommands
                0x00000000002f7c                  prvSwitchTimerLists
                0x00000000003030                  prvCheckForValidListAndQueue
                0x000000000030a4                  CLOCK_SetEr32kClock
                0x000000000030d8                  CLOCK_SetPllFllSelClock
                0x00000000003110                  OSC_SetExtRefClkConfig
                0x0000000000314e                  OSC_SetCapLoad
                0x00000000003190                  CLOCK_GetMcgExtClkFreq
                0x000000000031ac                  CLOCK_GetFllExtRefClkFreq
                0x00000000003250                  CLOCK_GetFllRefClkFreq
                0x0000000000327c                  CLOCK_GetPll0RefFreq
                0x0000000000328c                  CLOCK_GetOscRangeFromFreq
                0x000000000032d8                  CLOCK_GetPllFllSelClkFreq
                0x00000000003324                  CLOCK_SetSimConfig
                0x0000000000335c                  CLOCK_GetFllFreq
                0x000000000033e0                  CLOCK_GetPll0Freq
                0x00000000003448                  CLOCK_SetExternalRefClkConfig
                0x00000000003460                  CLOCK_SetInternalRefClkConfig
                0x00000000003588                  CLOCK_EnablePll0
                0x00000000003610                  CLOCK_InitOsc0
                0x000000000036a4                  CLOCK_SetPbeMode
                0x0000000000374c                  CLOCK_BootToPeeMode
                0x000000000037b0                  GPIO_WritePinOutput
                0x000000000037e4                  GPIO_PinInit
                0x00000000003840                  CLOCK_EnableClock
                0x00000000003874                  LPSCI_GetInstance
                0x000000000038b0                  LPSCI_Init
                0x00000000003afc                  LPSCI_GetDefaultConfig
                0x00000000003b34                  LPSCI_GetStatusFlags
                0x00000000003b5c                  LPSCI_ClearStatusFlags
                0x00000000003bf0                  LPSCI_WriteBlocking
                0x00000000003c34                  LPSCI_ReadBlocking
                0x00000000003cec                  UART0_DriverIRQHandler
                0x00000000003d10                  CLOCK_EnableClock
                0x00000000003d44                  UART_GetInstance
                0x00000000003d90                  UART_Init
                0x00000000003f64                  UART_GetDefaultConfig
                0x00000000003f9c                  UART_GetStatusFlags
                0x00000000003fc4                  UART_WriteBlocking
                0x00000000004000                  UART_ReadBlocking
                0x00000000004090                  UART1_DriverIRQHandler
                0x000000000040b4                  UART2_DriverIRQHandler
                0x000000000040d8                  CLOCK_SetLpsci0Clock
                0x00000000004110                  BOARD_InitDebugConsole
                0x00000000004140                  CLOCK_SetSimSafeDivs
                0x00000000004160                  CLOCK_SetXtal0Freq
                0x0000000000417c                  CLOCK_CONFIG_SetFllExtRefDiv
                0x000000000041b8                  BOARD_BootClockRUN
                0x0000000000421c                  CLOCK_EnableClock
                0x00000000004250                  PORT_SetPinMux
                0x00000000004290                  BOARD_InitPins
                0x0000000000431c                  atexit
                0x0000000000432c                  __register_exitproc
                0x000000000043a8                  __call_exitprocs
                0x00000000004444                  exit
                0x00000000004470                  memcpy
                0x00000000004482                  memset
                0x00000000004494                  _kill
                0x000000000044b8                  _exit
                0x000000000044f4                  FreeRTOSDebugConfig
                0x0000000000453c                  fllFactorTable.5382
                0x0000000000454c                  s_uartBases
                0x00000000004558                  s_uartClock
                0x00000000004564                  mcgConfig_BOARD_BootClockRUN
                0x00000000004570                  simConfig_BOARD_BootClockRUN
                0x00000000004578                  oscConfig_BOARD_BootClockRUN
                0x00000000004580                  _global_impure_ptr
                0x00000000004588                  __EH_FRAME_BEGIN__
                0x00000000004588                  _init
                0x00000000004594                  _fini
.ARM.extab      0x000000000045a0            0
.ARM            0x000000000045a0            0
.ctors          0x000000000045a0            0
.dtors          0x000000000045a0            0
.preinit_array  0x000000000045a0            0
                0x000000000045a0                  __preinit_array_end
                0x000000000045a0                  __preinit_array_start
.init_array     0x000000000045a0          0x4
                0x000000000045a0                  __frame_dummy_init_array_entry
                0x000000000045a0                  __init_array_start
                0x000000000045a4                  __init_array_end
.fini_array     0x000000000045a4          0x4
                0x000000000045a4                  __do_global_dtors_aux_fini_array_entry
                0x000000000045a4                  __fini_array_start
                0x000000000045a8                  __fini_array_end
.mtb            0x0000001fffe000            0
.interrupts_ram 0x0000001fffe000            0
.data           0x0000001fffe000         0x6c
                0x0000001fffe000                  SystemCoreClock
                0x0000001fffe004                  uxCriticalNesting
                0x0000001fffe008                  s_slowIrcFreq
                0x0000001fffe00c                  impure_data
.bss            0x0000001fffe06c       0x2a70
                0x0000001fffe06c                  completed.6594
                0x0000001fffe070                  object.6599
                0x0000001fffe088                  s_debugConsole
                0x0000001fffe098                  ucHeap
                0x00000020000898                  xStart
                0x000000200008a0                  pxEnd
                0x000000200008a4                  xFreeBytesRemaining
                0x000000200008a8                  xMinimumEverFreeBytesRemaining
                0x000000200008ac                  xBlockAllocatedBit
                0x000000200008b0                  xQueueRegistry
                0x000000200008f0                  pxCurrentTCB
                0x000000200008f4                  pxReadyTasksLists
                0x00000020000958                  xDelayedTaskList1
                0x0000002000096c                  xDelayedTaskList2
                0x00000020000980                  pxDelayedTaskList
                0x00000020000984                  pxOverflowDelayedTaskList
                0x00000020000988                  xPendingReadyList
                0x0000002000099c                  xTasksWaitingTermination
                0x000000200009b0                  uxDeletedTasksWaitingCleanUp
                0x000000200009b4                  xSuspendedTaskList
                0x000000200009c8                  uxCurrentNumberOfTasks
                0x000000200009cc                  xTickCount
                0x000000200009d0                  uxTopReadyPriority
                0x000000200009d4                  xSchedulerRunning
                0x000000200009d8                  uxPendedTicks
                0x000000200009dc                  xYieldPending
                0x000000200009e0                  xNumOfOverflows
                0x000000200009e4                  uxTaskNumber
                0x000000200009e8                  xNextTaskUnblockTime
                0x000000200009ec                  xIdleTaskHandle
                0x000000200009f0                  uxSchedulerSuspended
                0x000000200009f4                  xActiveTimerList1
                0x00000020000a08                  xActiveTimerList2
                0x00000020000a1c                  pxCurrentTimerList
                0x00000020000a20                  pxOverflowTimerList
                0x00000020000a24                  xTimerQueue
                0x00000020000a28                  xTimerTaskHandle
                0x00000020000a2c                  xLastTime.4920
                0x00000020000a30                  g_xtal0Freq
                0x00000020000a34                  s_lpsciHandle
                0x00000020000a38                  s_lpsciIsr
                0x00000020000a3c                  s_uartHandle
                0x00000020000a48                  s_uartIsr
                0x00000020000a4c                  _global_atexit0
                0x00000020000ad8                  _global_atexit
.heap           0x00000020000adc        0x404
                0x00000020000ae0                  end
.stack          0x00000020000ee0        0x400
ABS            
                0000000000000000                  M_VECTOR_RAM_SIZE
                0000000000000000                  __RAM_VECTOR_TABLE_SIZE_BYTES
                0000000000000000                  __VECTOR_RAM
                0000000000000000                  __VECTOR_TABLE
                0000000000000000                  __atexit.c
                0000000000000000                  __call_atexit.c
                0000000000000000                  _sbrk.c
                0000000000000000                  atexit.c
                0000000000000000                  board.c
                0000000000000000                  clock_config.c
                0000000000000000                  croutine.c
                0000000000000000                  crt0.c
                0000000000000000                  crtstuff.c
                0000000000000000                  crtstuff.c
                0000000000000000                  errno.c
                0000000000000000                  event_groups.c
                0000000000000000                  exit.c
                0000000000000000                  freertos_hello.c
                0000000000000000                  fsl_clock.c
                0000000000000000                  fsl_common.c
                0000000000000000                  fsl_debug_console.c
                0000000000000000                  fsl_flash.c
                0000000000000000                  fsl_gpio.c
                0000000000000000                  fsl_lpsci.c
                0000000000000000                  fsl_sbrk.c
                0000000000000000                  fsl_smc.c
                0000000000000000                  fsl_tickless_systick.c
                0000000000000000                  fsl_uart.c
                0000000000000000                  heap_4.c
                0000000000000000                  impure.c
                0000000000000000                  list.c
                0000000000000000                  memcpy-stub.c
                0000000000000000                  memset.c
                0000000000000000                  pin_mux.c
                0000000000000000                  port.c
                0000000000000000                  queue.c
                0000000000000000                  syscalls.c
                0000000000000000                  system_MKL46Z4.c
                0000000000000000                  tasks.c
                0000000000000000                  timers.c
                0x00000000000400                  HEAP_SIZE
                0x00000000000400                  STACK_SIZE
                0x000000000045a0                  __CTOR_END__
                0x000000000045a0                  __CTOR_LIST__
                0x000000000045a0                  __DTOR_END__
                0x000000000045a0                  __DTOR_LIST__
                0x000000000045a0                  __exidx_end
                0x000000000045a0                  __exidx_start
                0x000000000045a8                  __DATA_ROM
                0x000000000045a8                  __etext
                0x00000000004614                  __DATA_END
                0x00000000040000                  text_end
                0x0000001fffe000                  __DATA_RAM
                0x0000001fffe000                  __VECTOR_RAM__
                0x0000001fffe000                  __data_start__
                0x0000001fffe000                  __interrupts_ram_end__
                0x0000001fffe000                  __interrupts_ram_start__
                0x0000001fffe000                  _mtb_end
                0x0000001fffe000                  _mtb_start
                0x0000001fffe06c                  __START_BSS
                0x0000001fffe06c                  __bss_start__
                0x0000001fffe06c                  __data_end__
                0x00000020000adc                  __END_BSS
                0x00000020000adc                  __bss_end__
                0x00000020000ae0                  __HeapBase
                0x00000020000ae0                  __end__
                0x00000020000ee0                  __HeapLimit
                0x00000020000ee0                  __heap_limit
                0x00000020005c00                  __StackLimit
                0x00000020006000                  __StackTop
                0x000000e000ed08                  VTOR
